/Users/benopenclaw/Library/Python/3.9/lib/python/site-packages/urllib3/__init__.py:35: NotOpenSSLWarning: urllib3 v2 only supports OpenSSL 1.1.1+, currently the 'ssl' module is compiled with 'LibreSSL 2.8.3'. See: https://github.com/urllib3/urllib3/issues/3020
  warnings.warn(
HTTP Error 404: {"quoteSummary":{"result":null,"error":{"code":"Not Found","description":"Quote not found for symbol: CYBR"}}}
Failed to get ticker 'ODFL' reason: Failed to perform, curl: (6) getaddrinfo() thread failed to start. See https://curl.se/libcurl/c/libcurl-errors.html first for more details.
Failed to get ticker 'MNST' reason: Failed to perform, curl: (6) getaddrinfo() thread failed to start. See https://curl.se/libcurl/c/libcurl-errors.html first for more details.
Failed to get ticker 'PCAR' reason: Failed to perform, curl: (6) Could not resolve host: query2.finance.yahoo.com. See https://curl.se/libcurl/c/libcurl-errors.html first for more details.
Failed to get ticker 'KLAC' reason: Failed to perform, curl: (6) Could not resolve host: query2.finance.yahoo.com. See https://curl.se/libcurl/c/libcurl-errors.html first for more details.
Failed to get ticker 'KDP' reason: Failed to perform, curl: (6) Could not resolve host: query2.finance.yahoo.com. See https://curl.se/libcurl/c/libcurl-errors.html first for more details.
Failed to get ticker 'MCHP' reason: Failed to perform, curl: (7) Failed to connect to query2.finance.yahoo.com port 443 after 2 ms: Could not connect to server. See https://curl.se/libcurl/c/libcurl-errors.html first for more details.
Failed to get ticker 'FN' reason: Failed to perform, curl: (6) Could not resolve host: query2.finance.yahoo.com. See https://curl.se/libcurl/c/libcurl-errors.html first for more details.
Failed to get ticker 'AZN' reason: Failed to perform, curl: (6) Could not resolve host: query2.finance.yahoo.com. See https://curl.se/libcurl/c/libcurl-errors.html first for more details.
$CYBR: possibly delisted; no price data found  (period=2y) (Yahoo error = "No data found, symbol may be delisted")

5 Failed downloads:
['ODFL']: DNSError('Failed to perform, curl: (6) Could not resolve host: query2.finance.yahoo.com. See https://curl.se/libcurl/c/libcurl-errors.html first for more details.')
['AAPL', 'TSM']: TypeError("'NoneType' object is not subscriptable")
['MNST']: DNSError('Failed to perform, curl: (6) Could not resolve host: query1.finance.yahoo.com. See https://curl.se/libcurl/c/libcurl-errors.html first for more details.')
['CYBR']: possibly delisted; no price data found  (period=2y) (Yahoo error = "No data found, symbol may be delisted")
/Users/benopenclaw/research_archive/20_미국주식/mp_quant/mp_quant_metrics.py:89: FutureWarning: The default fill_method='pad' in DataFrame.pct_change is deprecated and will be removed in a future version. Either fill in any non-leading NA values prior to calling pct_change or specify 'fill_method=None' to not fill NA values.
  rets = px.pct_change().dropna(how='all')
/Users/benopenclaw/research_archive/20_미국주식/mp_quant/mp_quant_metrics.py:102: FutureWarning: Calling float on a single element Series is deprecated and will raise a TypeError in the future. Use float(ser.iloc[0]) instead
  rf = float(yf.download('^IRX', period='5d', progress=False)['Close'].dropna().iloc[-1]) / 100
[probe] mini: FAIL HTTPError HTTP Error 401: Unauthorized
[probe] yahoo: FAIL HTTPError HTTP Error 429: Too Many Requests
# MP v4.7 포트폴리오 퀀트 지표 (실측)

수집 종목 108/108 · 실패: []

- 가중 Fwd P/E(조화): 20.12 (커버리지 98%)
- 가중 PSR(조화): 5.16 (커버리지 100%)
- 가중 EV/EBITDA(조화): 22.66 (커버리지 98%)
- 가중 PEG: 1.64 (커버리지 96%)
- 가중 매출성장: 50.3% (커버리지 100%)
- 가중 EPS성장: 166.1% (커버리지 87%)
- 가중 매출총이익률: 59.0% (커버리지 100%)
- 가중 영업이익률: 30.6% (커버리지 100%)
- 가중 ROE: 42.9% (커버리지 97%)
- 가중 베타: 1.46 (커버리지 98%)
- 가중 배당수익률: 76.2% (커버리지 63%)
- 실측 TE(2y, vs QQQ): 9.6%
- 실측 베타: 1.22
- 연율 변동성: 28.0%
- 가격 커버리지: 102/108 (신규 상장 제외 시 축소 복제 가정)
- 무위험수익률(rf): 3.72%
- 실현 샤프(2y): MP 1.75 vs QQQ 0.86
- 정보비율(IR, 2y): 3.15
- 주의: 실현 샤프는 백테스트(현재 비중 고정)라 선택 편향 있음 — 기대 샤프가 아니다
- 실측 MDD(2y): MP -27.6% vs QQQ -22.8%
- 현재 드로다운(고점 대비): -5.5%
- 일간 VaR95/99(역사적): -2.76% / -4.79%
